/Users/utsavsr/Developer/Karigari_Connect/ml_price/scripts/part13_images.py:28: PerformanceWarning: DataFrame is highly fragmented.  This is usually the result of calling `frame.insert` many times, which has poor performance.  Consider joining all columns at once using pd.concat(axis=1) instead. To get a de-fragmented frame, use `newframe = frame.copy()`
  emb["image_file"] = emb[name_col].astype(str).str.split("/").str[-1]
/Users/utsavsr/Developer/Karigari_Connect/ml_price/scripts/part13_images.py:34: PerformanceWarning: DataFrame is highly fragmented.  This is usually the result of calling `frame.insert` many times, which has poor performance.  Consider joining all columns at once using pd.concat(axis=1) instead. To get a de-fragmented frame, use `newframe = frame.copy()`
  d["split"], d["family"] = d.image_file.map(sa.split), d.image_file.map(sa.family)
/Users/utsavsr/Developer/Karigari_Connect/ml_price/scripts/part13_images.py:34: PerformanceWarning: DataFrame is highly fragmented.  This is usually the result of calling `frame.insert` many times, which has poor performance.  Consider joining all columns at once using pd.concat(axis=1) instead. To get a de-fragmented frame, use `newframe = frame.copy()`
  d["split"], d["family"] = d.image_file.map(sa.split), d.image_file.map(sa.family)
{
 "embedding_rows": 37282,
 "embedding_dims": 1000,
 "products": 37257,
 "products_with_embedding": 37257,
 "pca_explained_variance": {
  "16": 0.678,
  "32": 0.797,
  "64": 0.89,
  "128": 0.954
 },
 "image_only_ridge": {
  "cv_by_components": {
   "16": {
    "r2": 0.2915,
    "mae": 1182.0,
    "mape": 67.0
   },
   "32": {
    "r2": 0.3,
    "mae": 1161.3,
    "mape": 66.1
   },
   "64": {
    "r2": 0.3263,
    "mae": 1134.4,
    "mape": 63.1
   },
   "128": {
    "r2": 0.356,
    "mae": 1105.1,
    "mape": 60.3
   },
   "256": {
    "r2": 0.3856,
    "mae": 1092.0,
    "mape": 59.7
   }
  },
  "chosen_components": 256,
  "test": {
   "r2": 0.3747,
   "mae": 1029.3,
   "mape": 53.2
  }
 }
}
0 {'r2': 0.7538, 'mae': 656.3, 'mape': 34.9}
16 {'r2': 0.7701, 'mae': 630.4, 'mape': 33.3}
32 {'r2': 0.7685, 'mae': 632.2, 'mape': 33.2}
64 {'r2': 0.7763, 'mae': 625.0, 'mape': 32.9}
128 {'r2': 0.7795, 'mae': 622.5, 'mape': 32.9}
256 {'r2': 0.7785, 'mae': 626.5, 'mape': 33.2}
{
 "cv_by_components": {
  "0": {
   "r2": 0.7538,
   "mae": 656.3,
   "mape": 34.9
  },
  "16": {
   "r2": 0.7701,
   "mae": 630.4,
   "mape": 33.3
  },
  "32": {
   "r2": 0.7685,
   "mae": 632.2,
   "mape": 33.2
  },
  "64": {
   "r2": 0.7763,
   "mae": 625.0,
   "mape": 32.9
  },
  "128": {
   "r2": 0.7795,
   "mae": 622.5,
   "mape": 32.9
  },
  "256": {
   "r2": 0.7785,
   "mae": 626.5,
   "mape": 33.2
  }
 },
 "chosen_components": 128
}
